[debug] [2025-08-07T02:37:07.034Z] ----------------------------------------------------------------------
[debug] [2025-08-07T02:37:07.036Z] Command:       /Users/angel/.nvm/versions/node/v23.11.0/bin/node /Users/angel/.nvm/versions/node/v23.11.0/bin/firebase init
[debug] [2025-08-07T02:37:07.036Z] CLI Version:   14.11.2
[debug] [2025-08-07T02:37:07.036Z] Platform:      darwin
[debug] [2025-08-07T02:37:07.036Z] Node Version:  v23.11.0
[debug] [2025-08-07T02:37:07.036Z] Time:          Wed Aug 06 2025 22:37:07 GMT-0400 (Bolivia Time)
[debug] [2025-08-07T02:37:07.036Z] ----------------------------------------------------------------------
[debug] 
[debug] [2025-08-07T02:37:07.038Z] > command requires scopes: ["email","openid","https://www.googleapis.com/auth/cloudplatformprojects.readonly","https://www.googleapis.com/auth/firebase","https://www.googleapis.com/auth/cloud-platform"]
[debug] [2025-08-07T02:37:07.038Z] > authorizing via signed-in user (angel.flores@comocom.com)
[info] 
     ######## #### ########  ######## ########     ###     ######  ########
     ##        ##  ##     ## ##       ##     ##  ##   ##  ##       ##
     ######    ##  ########  ######   ########  #########  ######  ######
     ##        ##  ##    ##  ##       ##     ## ##     ##       ## ##
     ##       #### ##     ## ######## ########  ##     ##  ######  ########

You're about to initialize a Firebase project in this directory:

  /Users/angel/Communities/Projects/wgj-website

[info] 
=== Account Setup
[info] 
[info] Which account do you want to use for this project? Choose an account or add a new one now
[info] 
[debug] [2025-08-07T02:37:18.009Z] setProjectAccount(/Users/angel/Communities/Projects/wgj-website, flores1102angel266@gmail.com)
[info] 
[info] ✔  Using account: flores1102angel266@gmail.com 
[info] 
=== Project Setup
[info] 
[info] First, let's associate this project directory with a Firebase project.
[info] You can create multiple project aliases by running firebase use --add, 
[info] but for now we'll just set up a default project.
[info] 
[debug] [2025-08-07T02:37:22.085Z] No OAuth tokens found
[debug] [2025-08-07T02:37:22.085Z] No OAuth tokens found
[debug] [2025-08-07T02:37:22.085Z] > refreshing access token with scopes: []
[debug] [2025-08-07T02:37:22.087Z] >>> [apiv2][query] POST https://www.googleapis.com/oauth2/v3/token [none]
[debug] [2025-08-07T02:37:22.087Z] >>> [apiv2][body] POST https://www.googleapis.com/oauth2/v3/token [omitted]
[debug] [2025-08-07T02:37:22.395Z] <<< [apiv2][status] POST https://www.googleapis.com/oauth2/v3/token 200
[debug] [2025-08-07T02:37:22.396Z] <<< [apiv2][body] POST https://www.googleapis.com/oauth2/v3/token [omitted]
[debug] [2025-08-07T02:37:22.402Z] >>> [apiv2][query] GET https://firebase.googleapis.com/v1beta1/projects pageSize=100
[debug] [2025-08-07T02:37:23.647Z] <<< [apiv2][status] GET https://firebase.googleapis.com/v1beta1/projects 200
[debug] [2025-08-07T02:37:23.648Z] <<< [apiv2][body] GET https://firebase.googleapis.com/v1beta1/projects [omitted]
[debug] [2025-08-07T02:37:48.847Z] ExitPromptError: User force closed the prompt with SIGINT
    at Interface.sigint (/Users/angel/.nvm/versions/node/v23.11.0/lib/node_modules/firebase-tools/node_modules/@inquirer/core/dist/commonjs/lib/create-prompt.js:101:37)
    at Interface.emit (node:events:507:28)
    at Interface.emit (node:domain:489:12)
    at [_ttyWrite] [as _ttyWrite] (node:internal/readline/interface:1129:18)
    at ReadStream.onkeypress (node:internal/readline/interface:268:20)
    at ReadStream.emit (node:events:519:35)
    at ReadStream.emit (node:domain:489:12)
    at emitKeys (node:internal/readline/utils:370:14)
    at emitKeys.next (<anonymous>)
    at ReadStream.onData (node:internal/readline/emitKeypressEvents:64:36)
[error] 
[error] Error: An unexpected error has occurred.
[debug] [2025-08-07T02:40:24.485Z] ----------------------------------------------------------------------
[debug] [2025-08-07T02:40:24.486Z] Command:       /Users/angel/.nvm/versions/node/v23.11.0/bin/node /Users/angel/.nvm/versions/node/v23.11.0/bin/firebase init
[debug] [2025-08-07T02:40:24.486Z] CLI Version:   14.11.2
[debug] [2025-08-07T02:40:24.486Z] Platform:      darwin
[debug] [2025-08-07T02:40:24.486Z] Node Version:  v23.11.0
[debug] [2025-08-07T02:40:24.486Z] Time:          Wed Aug 06 2025 22:40:24 GMT-0400 (Bolivia Time)
[debug] [2025-08-07T02:40:24.486Z] ----------------------------------------------------------------------
[debug] 
[debug] [2025-08-07T02:40:24.488Z] > command requires scopes: ["email","openid","https://www.googleapis.com/auth/cloudplatformprojects.readonly","https://www.googleapis.com/auth/firebase","https://www.googleapis.com/auth/cloud-platform"]
[debug] [2025-08-07T02:40:24.488Z] > authorizing via signed-in user (angel.flores@comocom.com)
[info] 
     ######## #### ########  ######## ########     ###     ######  ########
     ##        ##  ##     ## ##       ##     ##  ##   ##  ##       ##
     ######    ##  ########  ######   ########  #########  ######  ######
     ##        ##  ##    ##  ##       ##     ## ##     ##       ## ##
     ##       #### ##     ## ######## ########  ##     ##  ######  ########

You're about to initialize a Firebase project in this directory:

  /Users/angel/Communities/Projects/wgj-website

[info] 
=== Account Setup
[info] 
[info] Which account do you want to use for this project? Choose an account or add a new one now
[info] 
[debug] [2025-08-07T02:40:30.397Z] setProjectAccount(/Users/angel/Communities/Projects/wgj-website, gdgcochabamba@gmail.com)
[info] 
[info] ✔  Using account: gdgcochabamba@gmail.com 
[info] 
=== Project Setup
[info] 
[info] First, let's associate this project directory with a Firebase project.
[info] You can create multiple project aliases by running firebase use --add, 
[info] but for now we'll just set up a default project.
[info] 
[debug] [2025-08-07T02:40:32.058Z] No OAuth tokens found
[debug] [2025-08-07T02:40:32.058Z] No OAuth tokens found
[debug] [2025-08-07T02:40:32.058Z] > refreshing access token with scopes: []
[debug] [2025-08-07T02:40:32.060Z] >>> [apiv2][query] POST https://www.googleapis.com/oauth2/v3/token [none]
[debug] [2025-08-07T02:40:32.060Z] >>> [apiv2][body] POST https://www.googleapis.com/oauth2/v3/token [omitted]
[debug] [2025-08-07T02:40:32.320Z] <<< [apiv2][status] POST https://www.googleapis.com/oauth2/v3/token 200
[debug] [2025-08-07T02:40:32.321Z] <<< [apiv2][body] POST https://www.googleapis.com/oauth2/v3/token [omitted]
[debug] [2025-08-07T02:40:32.328Z] >>> [apiv2][query] GET https://firebase.googleapis.com/v1beta1/projects pageSize=100
[debug] [2025-08-07T02:40:33.359Z] <<< [apiv2][status] GET https://firebase.googleapis.com/v1beta1/projects 200
[debug] [2025-08-07T02:40:33.359Z] <<< [apiv2][body] GET https://firebase.googleapis.com/v1beta1/projects [omitted]
[info] i  Using project wgj-bolivia (wgj-bolivia) 
[info] 
=== Hosting Setup
[debug] [2025-08-07T02:40:36.548Z] Checked if tokens are valid: true, expires at: 1754538031321
[debug] [2025-08-07T02:40:36.548Z] Checked if tokens are valid: true, expires at: 1754538031321
[debug] [2025-08-07T02:40:36.548Z] >>> [apiv2][query] GET https://firebase.googleapis.com/v1beta1/projects/wgj-bolivia [none]
[debug] [2025-08-07T02:40:36.979Z] <<< [apiv2][status] GET https://firebase.googleapis.com/v1beta1/projects/wgj-bolivia 200
[debug] [2025-08-07T02:40:36.980Z] <<< [apiv2][body] GET https://firebase.googleapis.com/v1beta1/projects/wgj-bolivia {"projectId":"wgj-bolivia","projectNumber":"791814253213","displayName":"wgj-bolivia","name":"projects/wgj-bolivia","resources":{"hostingSite":"wgj-bolivia","realtimeDatabaseInstance":"wgj-bolivia"},"state":"ACTIVE","etag":"1_99b290e8-908b-4f5e-bc64-7e5215dc2c07"}
[info] 
[info] Your public directory is the folder (relative to your project directory) that
[info] will contain Hosting assets to be uploaded with firebase deploy. If you
[info] have a build process for your assets, use your build's output directory.
[info] 
[debug] [2025-08-07T02:41:28.695Z] ExitPromptError: User force closed the prompt with SIGINT
    at Interface.sigint (/Users/angel/.nvm/versions/node/v23.11.0/lib/node_modules/firebase-tools/node_modules/@inquirer/core/dist/commonjs/lib/create-prompt.js:101:37)
    at Interface.emit (node:events:507:28)
    at Interface.emit (node:domain:489:12)
    at [_ttyWrite] [as _ttyWrite] (node:internal/readline/interface:1129:18)
    at ReadStream.onkeypress (node:internal/readline/interface:268:20)
    at ReadStream.emit (node:events:519:35)
    at ReadStream.emit (node:domain:489:12)
    at emitKeys (node:internal/readline/utils:370:14)
    at emitKeys.next (<anonymous>)
    at ReadStream.onData (node:internal/readline/emitKeypressEvents:64:36)
[error] 
[error] Error: An unexpected error has occurred.
